ASxxxx Linker V03.00/V05.40 + sdld,  page 1.
Hexadecimal  [32-Bits]

Area                       Addr        Size        Decimal Bytes (Attributes)
--------------------       ----        ----        ------- ----- ------------
.  .ABS.               00000000    00000000 =           0. bytes (ABS,CON)

        Value  Global            Value  Global            Value  Global    
        -----  ------            -----  ------            -----  ------    
     00000000  .__.ABS.  |    00000000  ___bank_g |    00000000  _rMBC7_SR
     00000000  _rRAMG    |    00000000  l__BASE   |    00000000  l__BSS   
     00000000  l__CABS   |    00000000  l__CODE_0 |    00000000  l__DABS  
     00000000  l__HEADER |    00000000  l__HEADER |    00000000  l__HEADER
     00000000  l__HEAP   |    00000000  l__HEAP_E |    00000000  l__LIT   
     00000000  s__CABS   |    00000000  s__DABS   |    00000000  s__HEADER
     00000000  s__HEADER |    00000000  s__HEADER |    00000000  s__HEADER
     00000000  s__HEADER |    00000000  s__HEADER |    00000000  s__HEADER
     00000000  s__HEADER |    00000000  s__HEADER |    00000000  s__HEADER
     00000000  s__HEADER |    00000000  s__HEADER |    00000000  s__HEADER
     00000000  s__HEADER |    00000000  s__HEADER |    00000000  s__HEADER
     00000000  s__HEADER |    00000000  s__HEADER |    00000000  s__HEADER
     00000000  s__HEADER |    00000000  s__HEADER |    00000000  s__HEADER
     00000000  s__HEADER |    00000001  ___bank_m |    00000001  l__GSFINA
     00000001  l__HEADER |    00000001  l__HEADER |    00000001  l__HEADER
     00000001  l__HEADER |    00000001  l__HEADER |    00000001  l__HEADER
     00000001  l__HEADER |    00000002  b_apply_r |    00000002  l__HEADER
     00000002  l__HEADER |    00000002  l__HEADER |    00000003  l__HEADER
     00000003  l__HEADER |    00000005  l__CODE_1 |    00000005  l__HEADER
     00000006  l__HEADER |    00000007  l__HEADER |    00000008  l__HEADER
     00000008  l__HEADER |    0000000A  ___bank_f |    0000000A  ___bank_f
     0000000A  b_draw_le |    0000000A  b_draw_te |    0000000A  b_play_le
     0000000A  b_setup_m |    0000000C  b_init_de |    0000000C  b_play_de
     00000012  l__GSINIT |    00000013  l__HRAM   |    00000014  ___bank_c
     00000014  ___bank_c |    00000014  ___bank_c |    00000014  ___bank_c
     00000014  ___bank_c |    00000015  ___bank_m |    00000015  ___bank_m
     00000015  ___bank_m |    00000015  ___bank_m |    00000015  ___bank_m
     0000001B  l__INITIA |    0000001B  l__INITIA |    0000001E  ___bank_s
     0000001F  ___bank_b |    00000020  ___bank_p |    00000021  ___bank_d
     00000022  ___bank_b |    00000023  ___bank_c |    00000024  ___bank_j
     00000025  ___bank_t |    00000026  ___bank_c |    00000027  ___bank_x
     00000028  ___bank_u |    00000030  l__HEADER |    00000060  ___size_m
     00000060  l__HEADER |    00000064  ___bank_l |    00000064  ___bank_s
     00000065  ___bank_b |    00000066  ___bank_p |    00000067  ___bank_d
     00000068  ___bank_b |    00000069  ___bank_c |    0000006A  ___bank_j
     0000006B  ___bank_t |    0000006C  ___bank_c |    0000006D  ___bank_x
     0000006E  ___bank_u |    00000078  ___bank_t |    00000090  ___size_m
     000000AB  l__HEADER |    000000C8  ___bank_s |    000000C9  ___bank_b
     000000CA  ___bank_p |    000000CB  ___bank_d |    000000CC  ___bank_b
     000000CD  ___bank_c |    000000CE  ___bank_j |    000000CF  ___bank_t
     000000D0  ___bank_c |    000000D1  ___bank_x |    000000D2  ___bank_u
     000000DD  b_fade_fr |    000000DD  b_fade_in |    000000DD  b_fade_se
     000000DD  b_fade_se |    000000DD  b_fade_se |    000000DD  b_fade_se
     000000DD  b_fade_to |    00000200  s__CODE   |    00000240  ___size_f
     0000027B  l__CODE_1 |    00000291  l__DATA   |    0000037D  l__HOME  
     00000400  ___size_m |    0000042E  l__CODE_1 |    00000446  l__CODE_2
     00000456  l__CODE_1 |    000004B0  l__CODE_1 |    00000505  l__CODE_1
     00000570  ___size_m |    00000580  ___size_f |    000005AA  l__CODE_1
     000005E1  l__CODE_1 |    000006A9  l__CODE_2 |    00000735  l__CODE_1
     000009E7  l__CODE_1 |    00000A24  l__CODE_1 |    00000A2C  l__CODE_1
ASxxxx Linker V03.00/V05.40 + sdld,  page 2.
Hexadecimal  [32-Bits]

Area                       Addr        Size        Decimal Bytes (Attributes)
--------------------       ----        ----        ------- ----- ------------
.  .ABS.               00000000    00000000 =           0. bytes (ABS,CON)

        Value  Global            Value  Global            Value  Global    
        -----  ------            -----  ------            -----  ------    
     00000A60  l__CODE_2 |    00000A9B  l__CODE_1 |    00000E88  l__CODE_1
     00001000  ___size_c |    00001000  ___size_c |    00001000  ___size_c
     00001000  ___size_c |    00001084  l__CODE_2 |    0000125C  l__CODE_2
     00001770  l__CODE_2 |    0000184C  l__CODE_2 |    00001B64  l__CODE_2
     00001BB4  l__CODE_2 |    00001C84  l__CODE_2 |    00001D84  l__CODE_2
     00001EB4  l__CODE_2 |    00002000  _rROMB0   |    000022CC  l__CODE_2
     000028E4  l__CODE_2 |    00002A30  ___size_u |    00002A30  l__CODE_4
     00002E2C  l__CODE_2 |    00003000  _rROMB1   |    00003340  l__CODE_2
     00003370  ___size_c |    00003370  l__CODE_3 |    00003450  ___size_c
     00003450  l__CODE_3 |    000034A0  ___size_d |    000034A0  l__CODE_3
     000034C0  ___size_x |    000034C0  l__CODE_3 |    000034E0  ___size_b
     000034E0  l__CODE_3 |    00003650  ___size_b |    00003650  l__CODE_3
     000037E0  ___size_s |    000037E0  l__CODE_3 |    00003810  ___size_j
     00003810  l__CODE_3 |    0000381D  l__CODE   |    00003A1D  s__HOME  
     00003A70  ___size_p |    00003A70  l__CODE_3 |    00003D9A  s__BASE  
     00003D9A  s__CODE_0 |    00003D9A  s__INITIA |    00003D9A  s__LIT   
     00003DB5  s__GSINIT |    00003DC7  s__GSFINA |    00003E50  ___size_t
     00003E50  l__CODE_3 |    00003FBA  l__CODE_1 |    00004000  _rMBC7_SR
     00004000  _rRAMB    |    00004000  l__CODE_2 |    00008000  __VRAM   
     00008000  __VRAM800 |    00008800  __VRAM880 |    00009000  __VRAM900
     00009800  __SCRN0   |    00009C00  __SCRN1   |    0000A000  __SRAM   
     0000A000  _rMBC7_LA |    0000A010  _rMBC7_LA |    0000A020  _rMBC7_AC
     0000A030  _rMBC7_AC |    0000A040  _rMBC7_AC |    0000A050  _rMBC7_AC
     0000C000  __RAM     |    0000C000  _shadow_O |    0000C0A0  s__DATA  
     0000C331  s__BSS    |    0000C331  s__INITIA |    0000C34C  s__HEAP  
     0000C34C  s__HEAP_E |    0000D000  __RAMBANK |    0000E000  .STACK   
     0000FE00  __OAMRAM  |    0000FF00  _P1_REG   |    0000FF00  __IO     
     0000FF01  _SB_REG   |    0000FF02  _SC_REG   |    0000FF04  _DIV_REG 
     0000FF05  _TIMA_REG |    0000FF06  _TMA_REG  |    0000FF07  _TAC_REG 
     0000FF0F  _IF_REG   |    0000FF10  _NR10_REG |    0000FF11  _NR11_REG
     0000FF12  _NR12_REG |    0000FF13  _NR13_REG |    0000FF14  _NR14_REG
     0000FF16  _NR21_REG |    0000FF17  _NR22_REG |    0000FF18  _NR23_REG
     0000FF19  _NR24_REG |    0000FF1A  _NR30_REG |    0000FF1B  _NR31_REG
     0000FF1C  _NR32_REG |    0000FF1D  _NR33_REG |    0000FF1E  _NR34_REG
     0000FF20  _NR41_REG |    0000FF21  _NR42_REG |    0000FF22  _NR43_REG
     0000FF23  _NR44_REG |    0000FF24  _NR50_REG |    0000FF25  _NR51_REG
     0000FF26  _NR52_REG |    0000FF30  _AUD3WAVE |    0000FF30  _PCM_SAMP
     0000FF30  __AUD3WAV |    0000FF40  _LCDC_REG |    0000FF41  _STAT_REG
     0000FF42  _SCY_REG  |    0000FF43  _SCX_REG  |    0000FF44  _LY_REG  
     0000FF45  _LYC_REG  |    0000FF46  _DMA_REG  |    0000FF47  _BGP_REG 
     0000FF48  _OBP0_REG |    0000FF49  _OBP1_REG |    0000FF4A  _WY_REG  
     0000FF4B  _WX_REG   |    0000FF4D  _KEY1_REG |    0000FF4F  _VBK_REG 
     0000FF51  _HDMA1_RE |    0000FF52  _HDMA2_RE |    0000FF53  _HDMA3_RE
     0000FF54  _HDMA4_RE |    0000FF55  _HDMA5_RE |    0000FF56  _RP_REG  
     0000FF68  _BCPS_REG |    0000FF69  _BCPD_REG |    0000FF6A  _OCPS_REG
     0000FF6B  _OCPD_REG |    0000FF70  _SVBK_REG |    0000FF76  _PCM12_RE
     0000FF77  _PCM34_RE |    0000FF80  __HRAM    |    0000FF80  s__HRAM  
     0000FFFF  _IE_REG   |    00014000  s__CODE_1 |    00024000  s__CODE_2
     000A4000  s__CODE_1 |    000C4000  s__CODE_1 |    00144000  s__CODE_2
     00154000  s__CODE_2 |    001E4000  s__CODE_3 |    001F4000  s__CODE_3
     00204000  s__CODE_3 |    00214000  s__CODE_3 |    00224000  s__CODE_3
ASxxxx Linker V03.00/V05.40 + sdld,  page 3.
Hexadecimal  [32-Bits]

Area                       Addr        Size        Decimal Bytes (Attributes)
--------------------       ----        ----        ------- ----- ------------
.  .ABS.               00000000    00000000 =           0. bytes (ABS,CON)

        Value  Global            Value  Global            Value  Global    
        -----  ------            -----  ------            -----  ------    
     00234000  s__CODE_3 |    00244000  s__CODE_3 |    00254000  s__CODE_3
     00264000  s__CODE_3 |    00274000  s__CODE_3 |    00284000  s__CODE_4
     00644000  s__CODE_1 |    00654000  s__CODE_1 |    00664000  s__CODE_1
     00674000  s__CODE_1 |    00684000  s__CODE_1 |    00694000  s__CODE_1
     006A4000  s__CODE_1 |    006B4000  s__CODE_1 |    006C4000  s__CODE_1
     006D4000  s__CODE_1 |    006E4000  s__CODE_1 |    00784000  s__CODE_1
     00C84000  s__CODE_2 |    00C94000  s__CODE_2 |    00CA4000  s__CODE_2
     00CB4000  s__CODE_2 |    00CC4000  s__CODE_2 |    00CD4000  s__CODE_2
     00CE4000  s__CODE_2 |    00CF4000  s__CODE_2 |    00D04000  s__CODE_2
     00D14000  s__CODE_2 |    00D24000  s__CODE_2 |    00DC4000  s__CODE_2
     00DD4000  s__CODE_2 |    00DE4000  s__CODE_2
ASxxxx Linker V03.00/V05.40 + sdld,  page 4.
Hexadecimal  [32-Bits]

Area                       Addr        Size        Decimal Bytes (Attributes)
--------------------       ----        ----        ------- ----- ------------
_CODE                  00000200    0000381D =       14365. bytes (REL,CON)

        Value  Global            Value  Global            Value  Global    
        -----  ------            -----  ------            -----  ------    
     00000200  _FontPusa |    00000470  ___func_g |    00000470  _level_so
     00000486  _song_ban |    00000491  _level_sm |    000004A8  _level_bo
     000004BF  _level_pg |    000004D6  _level_du |    000004ED  _level_ba
     00000504  _level_cl |    0000051B  _level_ju |    00000532  _level_tm
     00000549  _level_cy |    00000560  _level_xs |    00000577  _level_ul
     0000058E  _game_lev |    000005A4  _MAX_LEVE |    00000623  _col_at_b
     0000063C  _col_at_e |    0000064A  _col_at_r |    0000069C  _col_at_r
     000006E9  _col_at   |    00000711  _load_bkg |    0000075F  _load_col
     0000080F  _prepare_ |    0000093C  _flush_mt |    00000973  _fill_scr
     000009B5  _init_mus |    000009F7  _metatile |    00000DF7  _metatile
     000011F7  _famidash |    000012F7  _famidash |    000013F7  _menu_pal
     000013FF  _gbc_spri |    00001489  _play_mus |    000015D6  _main    
     00001646  _playbutt |    000017B6  _player_i |    00001843  _player_s
     0000190A  _player_u |    00002701  _sp_cache |    0000290F  _update_l
     00002A2C  _menu_sta |    00002A46  _update_m |    00002E48  _update_p
     00002E7F  _play_sam |    00002F02  _play_sam |    00002F81  _is_sampl
     00002F85  _stop_sam |    00002FA6  _hUGE_ini |    00002FA8  hUGE_init
     00002FFE  _hUGE_mut |    00003000  hUGE_mute |    0000324E  _hUGE_set
     00003250  hUGE_set_ |    00003415  _hUGE_dos |    00003415  hUGE_doso
     00003741  _set_spri |    00003746  _set_bkg_ |    00003749  .set_pale
     00003768  _set_spri |    0000376D  _set_bkg_ |    00003770  .set_pale
     0000378C  __divsuch |    00003792  __modsuch |    0000379B  __divusch
     000037A4  __modusch |    000037B0  __divscha |    000037B5  __modscha
     000037BC  __divsint |    000037C5  __modsint |    000037D1  __divucha
     000037D6  __moducha |    000037DD  __divuint |    000037E6  __moduint
     000037F2  .div8     |    000037F2  .mod8     |    000037FA  .div16   
     000037FA  .mod16    |    00003830  .divu8    |    00003830  .modu8   
     00003833  .divu16   |    00003833  .modu16   |    00003873  ___move_m
     00003873  ___move_m |    000038B4  ___move_m |    000038B4  ___move_m
     000038F5  ___move_m |    000038F5  ___move_m |    00003938  _set_vram
     00003941  _set_win_ |    0000394A  _set_bkg_ |    00003979  __mulsuch
     0000397C  __mulusch |    00003985  __mulscha |    0000398D  __mulint 
     000039AC  __mulucha |    000039BE  ___move_m |    000039FB  _cpu_slow
     00003A16  _cpu_fast
ASxxxx Linker V03.00/V05.40 + sdld,  page 5.
Hexadecimal  [32-Bits]

Area                       Addr        Size        Decimal Bytes (Attributes)
--------------------       ----        ----        ------- ----- ------------
_HEADER0               00000000    00000001 =           1. bytes (ABS,CON)

        Value  Global            Value  Global            Value  Global    
        -----  ------            -----  ------            -----  ------    
     00000020  .call_hl 
ASxxxx Linker V03.00/V05.40 + sdld,  page 6.
Hexadecimal  [32-Bits]

Area                       Addr        Size        Decimal Bytes (Attributes)
--------------------       ----        ----        ------- ----- ------------
_HEADER1               00000000    00000005 =           5. bytes (ABS,CON)

        Value  Global            Value  Global            Value  Global    
        -----  ------            -----  ------            -----  ------    
     00000028  .MemsetSm
ASxxxx Linker V03.00/V05.40 + sdld,  page 7.
Hexadecimal  [32-Bits]

Area                       Addr        Size        Decimal Bytes (Attributes)
--------------------       ----        ----        ------- ----- ------------
_HEADER2               00000000    00000007 =           7. bytes (ABS,CON)

        Value  Global            Value  Global            Value  Global    
        -----  ------            -----  ------            -----  ------    
     00000030  .MemcpySm
ASxxxx Linker V03.00/V05.40 + sdld,  page 8.
Hexadecimal  [32-Bits]

Area                       Addr        Size        Decimal Bytes (Attributes)
--------------------       ----        ----        ------- ----- ------------
_HEADER3               00000000    00000008 =           8. bytes (ABS,CON)

        Value  Global            Value  Global            Value  Global    
        -----  ------            -----  ------            -----  ------    
ASxxxx Linker V03.00/V05.40 + sdld,  page 9.
Hexadecimal  [32-Bits]

Area                       Addr        Size        Decimal Bytes (Attributes)
--------------------       ----        ----        ------- ----- ------------
_HEADER4               00000000    00000060 =          96. bytes (ABS,CON)

        Value  Global            Value  Global            Value  Global    
        -----  ------            -----  ------            -----  ------    
     00000080  .int      |    0000008F  _wait_int |    0000009C  __standar
     000000AB  _refresh_ |    000000CC  _set_inte
ASxxxx Linker V03.00/V05.40 + sdld,  page 10.
Hexadecimal  [32-Bits]

Area                       Addr        Size        Decimal Bytes (Attributes)
--------------------       ----        ----        ------- ----- ------------
_HEADER5               00000000    00000001 =           1. bytes (ABS,CON)

        Value  Global            Value  Global            Value  Global    
        -----  ------            -----  ------            -----  ------    
ASxxxx Linker V03.00/V05.40 + sdld,  page 11.
Hexadecimal  [32-Bits]

Area                       Addr        Size        Decimal Bytes (Attributes)
--------------------       ----        ----        ------- ----- ------------
_HEADER6               00000000    00000002 =           2. bytes (ABS,CON)

        Value  Global            Value  Global            Value  Global    
        -----  ------            -----  ------            -----  ------    
ASxxxx Linker V03.00/V05.40 + sdld,  page 12.
Hexadecimal  [32-Bits]

Area                       Addr        Size        Decimal Bytes (Attributes)
--------------------       ----        ----        ------- ----- ------------
_HEADER7               00000000    00000030 =          48. bytes (ABS,CON)

        Value  Global            Value  Global            Value  Global    
        -----  ------            -----  ------            -----  ------    
ASxxxx Linker V03.00/V05.40 + sdld,  page 13.
Hexadecimal  [32-Bits]

Area                       Addr        Size        Decimal Bytes (Attributes)
--------------------       ----        ----        ------- ----- ------------
_HEADER8               00000000    00000006 =           6. bytes (ABS,CON)

        Value  Global            Value  Global            Value  Global    
        -----  ------            -----  ------            -----  ------    
ASxxxx Linker V03.00/V05.40 + sdld,  page 14.
Hexadecimal  [32-Bits]

Area                       Addr        Size        Decimal Bytes (Attributes)
--------------------       ----        ----        ------- ----- ------------
_HEADER9               00000000    00000003 =           3. bytes (ABS,CON)

        Value  Global            Value  Global            Value  Global    
        -----  ------            -----  ------            -----  ------    
ASxxxx Linker V03.00/V05.40 + sdld,  page 15.
Hexadecimal  [32-Bits]

Area                       Addr        Size        Decimal Bytes (Attributes)
--------------------       ----        ----        ------- ----- ------------
_HEADERa               00000000    00000001 =           1. bytes (ABS,CON)

        Value  Global            Value  Global            Value  Global    
        -----  ------            -----  ------            -----  ------    
ASxxxx Linker V03.00/V05.40 + sdld,  page 16.
Hexadecimal  [32-Bits]

Area                       Addr        Size        Decimal Bytes (Attributes)
--------------------       ----        ----        ------- ----- ------------
_HEADERb               00000000    00000001 =           1. bytes (ABS,CON)

        Value  Global            Value  Global            Value  Global    
        -----  ------            -----  ------            -----  ------    
ASxxxx Linker V03.00/V05.40 + sdld,  page 17.
Hexadecimal  [32-Bits]

Area                       Addr        Size        Decimal Bytes (Attributes)
--------------------       ----        ----        ------- ----- ------------
_HEADERc               00000000    00000001 =           1. bytes (ABS,CON)

        Value  Global            Value  Global            Value  Global    
        -----  ------            -----  ------            -----  ------    
ASxxxx Linker V03.00/V05.40 + sdld,  page 18.
Hexadecimal  [32-Bits]

Area                       Addr        Size        Decimal Bytes (Attributes)
--------------------       ----        ----        ------- ----- ------------
_HEADERd               00000000    00000002 =           2. bytes (ABS,CON)

        Value  Global            Value  Global            Value  Global    
        -----  ------            -----  ------            -----  ------    
ASxxxx Linker V03.00/V05.40 + sdld,  page 19.
Hexadecimal  [32-Bits]

Area                       Addr        Size        Decimal Bytes (Attributes)
--------------------       ----        ----        ------- ----- ------------
_HEADERe               00000000    00000001 =           1. bytes (ABS,CON)

        Value  Global            Value  Global            Value  Global    
        -----  ------            -----  ------            -----  ------    
ASxxxx Linker V03.00/V05.40 + sdld,  page 20.
Hexadecimal  [32-Bits]

Area                       Addr        Size        Decimal Bytes (Attributes)
--------------------       ----        ----        ------- ----- ------------
_HEADERf               00000000    00000001 =           1. bytes (ABS,CON)

        Value  Global            Value  Global            Value  Global    
        -----  ------            -----  ------            -----  ------    
ASxxxx Linker V03.00/V05.40 + sdld,  page 21.
Hexadecimal  [32-Bits]

Area                       Addr        Size        Decimal Bytes (Attributes)
--------------------       ----        ----        ------- ----- ------------
_HEADER10              00000000    00000002 =           2. bytes (ABS,CON)

        Value  Global            Value  Global            Value  Global    
        -----  ------            -----  ------            -----  ------    
ASxxxx Linker V03.00/V05.40 + sdld,  page 22.
Hexadecimal  [32-Bits]

Area                       Addr        Size        Decimal Bytes (Attributes)
--------------------       ----        ----        ------- ----- ------------
_HEADER11              00000000    000000AB =         171. bytes (ABS,CON)

        Value  Global            Value  Global            Value  Global    
        -----  ------            -----  ------            -----  ------    
     00000150  .reset    |    00000150  _reset    |    00000157  .code_sta
     000001B9  _exit     |    000001BD  .wait_vbl |    000001BD  _vsync   
     000001BD  _wait_vbl |    000001CD  .remove_V |    000001CD  _remove_V
     000001D0  .remove_i |    000001ED  .add_VBL  |    000001ED  _add_VBL 
     000001F0  .add_int 
ASxxxx Linker V03.00/V05.40 + sdld,  page 23.
Hexadecimal  [32-Bits]

Area                       Addr        Size        Decimal Bytes (Attributes)
--------------------       ----        ----        ------- ----- ------------
_HOME                  00003A1D    0000037D =         893. bytes (REL,CON)

        Value  Global            Value  Global            Value  Global    
        -----  ------            -----  ------            -----  ------    
     00003A1D  .memset_s |    00003A26  .memcpy_s |    00003A43  .display_
     00003A43  _display_ |    00003A5B  _sample_p |    00003B00  _add_TIM 
     00003B03  _set_tile |    00003B08  _set_bkg_ |    00003B08  _set_win_
     00003B10  _set_spri |    00003B6F  .add_LCD  |    00003B6F  _add_LCD 
     00003B75  .remove_L |    00003B75  _remove_L |    00003B7B  .add_TIM 
     00003B81  .remove_T |    00003B81  _remove_T |    00003B87  _fill_bkg
     00003B99  .padup    |    00003B99  _waitpadu |    00003BA9  .jpad    
     00003BA9  _joypad   |    00003BD1  _waitpad  |    00003BD2  .wait_pad
     00003BD9  ___sdcc_b |    00003BED  __mullong |    00003CD4  _set_bkg_
     00003CE8  .fill_rec |    00003CF1  .fill_rec |    00003D3E  .set_xy_w
     00003D47  .set_xy_b |    00003D56  .set_xy_t
ASxxxx Linker V03.00/V05.40 + sdld,  page 24.
Hexadecimal  [32-Bits]

Area                       Addr        Size        Decimal Bytes (Attributes)
--------------------       ----        ----        ------- ----- ------------
_INITIALIZER           00003D9A    0000001B =          27. bytes (REL,CON)

        Value  Global            Value  Global            Value  Global    
        -----  ------            -----  ------            -----  ------    
ASxxxx Linker V03.00/V05.40 + sdld,  page 25.
Hexadecimal  [32-Bits]

Area                       Addr        Size        Decimal Bytes (Attributes)
--------------------       ----        ----        ------- ----- ------------
_GSINIT                00003DB5    00000012 =          18. bytes (REL,CON)

        Value  Global            Value  Global            Value  Global    
        -----  ------            -----  ------            -----  ------    
     00003DB5  gsinit   
ASxxxx Linker V03.00/V05.40 + sdld,  page 26.
Hexadecimal  [32-Bits]

Area                       Addr        Size        Decimal Bytes (Attributes)
--------------------       ----        ----        ------- ----- ------------
_GSFINAL               00003DC7    00000001 =           1. bytes (REL,CON)

        Value  Global            Value  Global            Value  Global    
        -----  ------            -----  ------            -----  ------    
ASxxxx Linker V03.00/V05.40 + sdld,  page 27.
Hexadecimal  [32-Bits]

Area                       Addr        Size        Decimal Bytes (Attributes)
--------------------       ----        ----        ------- ----- ------------
_DATA                  0000C0A0    00000291 =         657. bytes (REL,CON)

        Value  Global            Value  Global            Value  Global    
        -----  ------            -----  ------            -----  ------    
     0000C0A0  __cpu     |    0000C0A1  __is_GBA  |    0000C0A2  .mode    
     0000C0A3  .sys_time |    0000C0A3  _sys_time |    0000C0A5  .int_0x40
     0000C1E6  _active_s |    0000C256  _collisio |    0000C2D3  _hUGE_cur
     0000C2D3  hUGE_curr |    0000C2D4  _hUGE_mut |    0000C31B  .int_0x48
     0000C323  .int_0x50 |    0000C32D  ___curren |    0000C32F  ___curren
     0000C330  ___curren
ASxxxx Linker V03.00/V05.40 + sdld,  page 28.
Hexadecimal  [32-Bits]

Area                       Addr        Size        Decimal Bytes (Attributes)
--------------------       ----        ----        ------- ----- ------------
_INITIALIZED           0000C331    0000001B =          27. bytes (REL,CON)

        Value  Global            Value  Global            Value  Global    
        -----  ------            -----  ------            -----  ------    
     0000C337  _music_re |    0000C338  _redraw   |    0000C339  _selected
     0000C33A  _current_ |    0000C33B  _current_ |    0000C33F  _current_
     0000C340  _player_n |    0000C343  _sample_p |    0000C344  _sample_k
     0000C34A  ___render |    0000C34B  __map_til
ASxxxx Linker V03.00/V05.40 + sdld,  page 29.
Hexadecimal  [32-Bits]

Area                       Addr        Size        Decimal Bytes (Attributes)
--------------------       ----        ----        ------- ----- ------------
_HRAM                  0000FF80    00000013 =          19. bytes (REL,CON)

        Value  Global            Value  Global            Value  Global    
        -----  ------            -----  ------            -----  ------    
     0000FF80  .refresh_ |    0000FF90  __current |    0000FF91  __vbl_don
     0000FF92  __shadow_
ASxxxx Linker V03.00/V05.40 + sdld,  page 30.
Hexadecimal  [32-Bits]

Area                       Addr        Size        Decimal Bytes (Attributes)
--------------------       ----        ----        ------- ----- ------------
_CODE_10               000A4000    00003FBA =       16314. bytes (REL,CON)

        Value  Global            Value  Global            Value  Global    
        -----  ------            -----  ------            -----  ------    
     000A4000  _ball_til |    000A4080  _ball_met |    000A408C  _ball_met
     000A4098  _ball_met |    000A43AA  _sp_cache |    000A4447  _sp_cache
     000A5F49  _setup_me |    000A5F57  _draw_tex |    000A5FCF  _draw_lev
     000A60D5  _play_lev |    000A7232  _icon1_pa |    000A723A  _icon1_ti
     000A72BA  _icon1_me |    000A72C6  _icon1_me |    000A72D2  _icon1_me
     000A72DE  _icon1_me |    000A72EA  _icon1_me |    000A72F6  _icon1_me
     000A7302  _icon1_me |    000A730E  _icon1_me |    000A731A  _icon1_me
     000A7326  _icon1_me |    000A7332  _icon1_me |    000A733E  _icon1_me
     000A734A  _icon1_me |    000A7356  _icon1_me |    000A7362  _icon1_me
     000A736E  _icon1_me |    000A737A  _icon1_me |    000A7386  _icon1_me
     000A7392  _icon1_me |    000A739E  _icon1_me |    000A73AA  _icon1_me
     000A73B6  _icon1_me |    000A73C2  _icon1_me |    000A73CE  _icon1_me
     000A73DA  _icon1_me |    000A73E6  _icon1_me |    000A7418  _ship_til
     000A7458  _ship_met |    000A7464  _ship_met |    000A7466  ___func_f
     000A7466  _famidash |    000A79E6  ___func_f |    000A79E6  _famidash
     000A7C26  _famidash |    000A7C4E  _famidash |    000A7C76  _famidash
     000A7C9E  _famidash |    000A7CBA  _famidash |    000A7CD6  _famidash
     000A7CF2  _famidash |    000A7D0E  _famidash |    000A7D2A  _famidash
     000A7D46  _famidash |    000A7D52  _famidash |    000A7D5E  _famidash
     000A7D6A  _famidash |    000A7D76  _famidash |    000A7D82  _famidash
     000A7D8E  _famidash |    000A7D9A  _famidash |    000A7DA6  _famidash
     000A7DBA  _famidash |    000A7F3A  _famidash
ASxxxx Linker V03.00/V05.40 + sdld,  page 31.
Hexadecimal  [32-Bits]

Area                       Addr        Size        Decimal Bytes (Attributes)
--------------------       ----        ----        ------- ----- ------------
_CODE_12               000C4000    00000A2C =        2604. bytes (REL,CON)

        Value  Global            Value  Global            Value  Global    
        -----  ------            -----  ------            -----  ------    
     000C4000  _init_dea |    000C400E  _death_ef |    000C46AE  _play_dea
ASxxxx Linker V03.00/V05.40 + sdld,  page 32.
Hexadecimal  [32-Bits]

Area                       Addr        Size        Decimal Bytes (Attributes)
--------------------       ----        ----        ------- ----- ------------
_CODE_221              00DD4000    000006A9 =        1705. bytes (REL,CON)

        Value  Global            Value  Global            Value  Global    
        -----  ------            -----  ------            -----  ------    
     00DD4000  _fade_ini |    00DD4033  _fade_set |    00DD40DE  _fade_set
     00DD4189  _fade_set |    00DD41A6  _fade_set |    00DD45E9  _fade_to_
     00DD464B  _fade_fro
ASxxxx Linker V03.00/V05.40 + sdld,  page 33.
Hexadecimal  [32-Bits]

Area                       Addr        Size        Decimal Bytes (Attributes)
--------------------       ----        ----        ------- ----- ------------
_CODE_100              00644000    00000735 =        1845. bytes (REL,CON)

        Value  Global            Value  Global            Value  Global    
        -----  ------            -----  ------            -----  ------    
     00644000  ___func_l |    00644000  _logo_til |    00644280  ___func_s
     00644280  _stereoma |    006446C7  _stereoma
ASxxxx Linker V03.00/V05.40 + sdld,  page 34.
Hexadecimal  [32-Bits]

Area                       Addr        Size        Decimal Bytes (Attributes)
--------------------       ----        ----        ------- ----- ------------
_CODE_21               00154000    00000A60 =        2656. bytes (REL,CON)

        Value  Global            Value  Global            Value  Global    
        -----  ------            -----  ------            -----  ------    
     00154000  ___func_m |    00154000  ___func_m |    00154000  _menu_bg_
     00154570  ___func_m |    00154570  _menu_bg_ |    00154970  ___func_m
     00154970  _menu_gro |    00154A00  ___func_m |    00154A00  _menu_gro
ASxxxx Linker V03.00/V05.40 + sdld,  page 35.
Hexadecimal  [32-Bits]

Area                       Addr        Size        Decimal Bytes (Attributes)
--------------------       ----        ----        ------- ----- ------------
_CODE_1                00014000    00000A24 =        2596. bytes (REL,CON)

        Value  Global            Value  Global            Value  Global    
        -----  ------            -----  ------            -----  ------    
     00014A0F  _menuloop
ASxxxx Linker V03.00/V05.40 + sdld,  page 36.
Hexadecimal  [32-Bits]

Area                       Addr        Size        Decimal Bytes (Attributes)
--------------------       ----        ----        ------- ----- ------------
_CODE_2                00024000    00000446 =        1094. bytes (REL,CON)

        Value  Global            Value  Global            Value  Global    
        -----  ------            -----  ------            -----  ------    
     00024000  _apply_ra |    00024046  _rainbow_
ASxxxx Linker V03.00/V05.40 + sdld,  page 37.
Hexadecimal  [32-Bits]

Area                       Addr        Size        Decimal Bytes (Attributes)
--------------------       ----        ----        ------- ----- ------------
_CODE_20               00144000    00004000 =       16384. bytes (REL,CON)

        Value  Global            Value  Global            Value  Global    
        -----  ------            -----  ------            -----  ------    
     00144000  ___func_c |    00144000  ___func_c |    00144000  _chr_gb_t
     00145000  ___func_c |    00145000  _chr_gb_t |    00146000  ___func_c
     00146000  _chr_gb_c |    00147000  ___func_c |    00147000  _chr_gb_c
ASxxxx Linker V03.00/V05.40 + sdld,  page 38.
Hexadecimal  [32-Bits]

Area                       Addr        Size        Decimal Bytes (Attributes)
--------------------       ----        ----        ------- ----- ------------
_CODE_34               00224000    00003650 =       13904. bytes (REL,CON)

        Value  Global            Value  Global            Value  Global    
        -----  ------            -----  ------            -----  ------    
     00224000  ___func_b |    00224000  _baseafte
ASxxxx Linker V03.00/V05.40 + sdld,  page 39.
Hexadecimal  [32-Bits]

Area                       Addr        Size        Decimal Bytes (Attributes)
--------------------       ----        ----        ------- ----- ------------
_CODE_31               001F4000    000034E0 =       13536. bytes (REL,CON)

        Value  Global            Value  Global            Value  Global    
        -----  ------            -----  ------            -----  ------    
     001F4000  ___func_b |    001F4000  _backontr
ASxxxx Linker V03.00/V05.40 + sdld,  page 40.
Hexadecimal  [32-Bits]

Area                       Addr        Size        Decimal Bytes (Attributes)
--------------------       ----        ----        ------- ----- ------------
_CODE_35               00234000    00003450 =       13392. bytes (REL,CON)

        Value  Global            Value  Global            Value  Global    
        -----  ------            -----  ------            -----  ------    
     00234000  ___func_c |    00234000  _cantletg
ASxxxx Linker V03.00/V05.40 + sdld,  page 41.
Hexadecimal  [32-Bits]

Area                       Addr        Size        Decimal Bytes (Attributes)
--------------------       ----        ----        ------- ----- ------------
_CODE_38               00264000    00003370 =       13168. bytes (REL,CON)

        Value  Global            Value  Global            Value  Global    
        -----  ------            -----  ------            -----  ------    
     00264000  ___func_c |    00264000  _cycles_m
ASxxxx Linker V03.00/V05.40 + sdld,  page 42.
Hexadecimal  [32-Bits]

Area                       Addr        Size        Decimal Bytes (Attributes)
--------------------       ----        ----        ------- ----- ------------
_CODE_33               00214000    000034A0 =       13472. bytes (REL,CON)

        Value  Global            Value  Global            Value  Global    
        -----  ------            -----  ------            -----  ------    
     00214000  ___func_d |    00214000  _dryout_m
ASxxxx Linker V03.00/V05.40 + sdld,  page 43.
Hexadecimal  [32-Bits]

Area                       Addr        Size        Decimal Bytes (Attributes)
--------------------       ----        ----        ------- ----- ------------
_CODE_36               00244000    00003810 =       14352. bytes (REL,CON)

        Value  Global            Value  Global            Value  Global    
        -----  ------            -----  ------            -----  ------    
     00244000  ___func_j |    00244000  _jumper_m
ASxxxx Linker V03.00/V05.40 + sdld,  page 44.
Hexadecimal  [32-Bits]

Area                       Addr        Size        Decimal Bytes (Attributes)
--------------------       ----        ----        ------- ----- ------------
_CODE_32               00204000    00003A70 =       14960. bytes (REL,CON)

        Value  Global            Value  Global            Value  Global    
        -----  ------            -----  ------            -----  ------    
     00204000  ___func_p |    00204000  _polargei
ASxxxx Linker V03.00/V05.40 + sdld,  page 45.
Hexadecimal  [32-Bits]

Area                       Addr        Size        Decimal Bytes (Attributes)
--------------------       ----        ----        ------- ----- ------------
_CODE_30               001E4000    000037E0 =       14304. bytes (REL,CON)

        Value  Global            Value  Global            Value  Global    
        -----  ------            -----  ------            -----  ------    
     001E4000  ___func_s |    001E4000  _stereoma
ASxxxx Linker V03.00/V05.40 + sdld,  page 46.
Hexadecimal  [32-Bits]

Area                       Addr        Size        Decimal Bytes (Attributes)
--------------------       ----        ----        ------- ----- ------------
_CODE_37               00254000    00003E50 =       15952. bytes (REL,CON)

        Value  Global            Value  Global            Value  Global    
        -----  ------            -----  ------            -----  ------    
     00254000  ___func_t |    00254000  _timemach
ASxxxx Linker V03.00/V05.40 + sdld,  page 47.
Hexadecimal  [32-Bits]

Area                       Addr        Size        Decimal Bytes (Attributes)
--------------------       ----        ----        ------- ----- ------------
_CODE_40               00284000    00002A30 =       10800. bytes (REL,CON)

        Value  Global            Value  Global            Value  Global    
        -----  ------            -----  ------            -----  ------    
     00284000  ___func_u |    00284000  _ultiated
ASxxxx Linker V03.00/V05.40 + sdld,  page 48.
Hexadecimal  [32-Bits]

Area                       Addr        Size        Decimal Bytes (Attributes)
--------------------       ----        ----        ------- ----- ------------
_CODE_39               00274000    000034C0 =       13504. bytes (REL,CON)

        Value  Global            Value  Global            Value  Global    
        -----  ------            -----  ------            -----  ------    
     00274000  ___func_x |    00274000  _xstep_ma
ASxxxx Linker V03.00/V05.40 + sdld,  page 49.
Hexadecimal  [32-Bits]

Area                       Addr        Size        Decimal Bytes (Attributes)
--------------------       ----        ----        ------- ----- ------------
_CODE_201              00C94000    0000184C =        6220. bytes (REL,CON)

        Value  Global            Value  Global            Value  Global    
        -----  ------            -----  ------            -----  ------    
     00C95837  _backontr
ASxxxx Linker V03.00/V05.40 + sdld,  page 50.
Hexadecimal  [32-Bits]

Area                       Addr        Size        Decimal Bytes (Attributes)
--------------------       ----        ----        ------- ----- ------------
_CODE_204              00CC4000    000022CC =        8908. bytes (REL,CON)

        Value  Global            Value  Global            Value  Global    
        -----  ------            -----  ------            -----  ------    
     00CC62B7  _baseafte
ASxxxx Linker V03.00/V05.40 + sdld,  page 51.
Hexadecimal  [32-Bits]

Area                       Addr        Size        Decimal Bytes (Attributes)
--------------------       ----        ----        ------- ----- ------------
_CODE_205              00CD4000    00001B64 =        7012. bytes (REL,CON)

        Value  Global            Value  Global            Value  Global    
        -----  ------            -----  ------            -----  ------    
     00CD5B4F  _cantletg
ASxxxx Linker V03.00/V05.40 + sdld,  page 52.
Hexadecimal  [32-Bits]

Area                       Addr        Size        Decimal Bytes (Attributes)
--------------------       ----        ----        ------- ----- ------------
_CODE_208              00D04000    0000125C =        4700. bytes (REL,CON)

        Value  Global            Value  Global            Value  Global    
        -----  ------            -----  ------            -----  ------    
     00D05247  _cycles  
ASxxxx Linker V03.00/V05.40 + sdld,  page 53.
Hexadecimal  [32-Bits]

Area                       Addr        Size        Decimal Bytes (Attributes)
--------------------       ----        ----        ------- ----- ------------
_CODE_203              00CB4000    00001EB4 =        7860. bytes (REL,CON)

        Value  Global            Value  Global            Value  Global    
        -----  ------            -----  ------            -----  ------    
     00CB5E9F  _dryout  
ASxxxx Linker V03.00/V05.40 + sdld,  page 54.
Hexadecimal  [32-Bits]

Area                       Addr        Size        Decimal Bytes (Attributes)
--------------------       ----        ----        ------- ----- ------------
_CODE_206              00CE4000    00001C84 =        7300. bytes (REL,CON)

        Value  Global            Value  Global            Value  Global    
        -----  ------            -----  ------            -----  ------    
     00CE5C6F  _jumper  
ASxxxx Linker V03.00/V05.40 + sdld,  page 55.
Hexadecimal  [32-Bits]

Area                       Addr        Size        Decimal Bytes (Attributes)
--------------------       ----        ----        ------- ----- ------------
_CODE_202              00CA4000    00002E2C =       11820. bytes (REL,CON)

        Value  Global            Value  Global            Value  Global    
        -----  ------            -----  ------            -----  ------    
     00CA6E17  _polargei
ASxxxx Linker V03.00/V05.40 + sdld,  page 56.
Hexadecimal  [32-Bits]

Area                       Addr        Size        Decimal Bytes (Attributes)
--------------------       ----        ----        ------- ----- ------------
_CODE_200              00C84000    00001084 =        4228. bytes (REL,CON)

        Value  Global            Value  Global            Value  Global    
        -----  ------            -----  ------            -----  ------    
     00C8506F  _stereoma
ASxxxx Linker V03.00/V05.40 + sdld,  page 57.
Hexadecimal  [32-Bits]

Area                       Addr        Size        Decimal Bytes (Attributes)
--------------------       ----        ----        ------- ----- ------------
_CODE_207              00CF4000    000028E4 =       10468. bytes (REL,CON)

        Value  Global            Value  Global            Value  Global    
        -----  ------            -----  ------            -----  ------    
     00CF68CF  _timemach
ASxxxx Linker V03.00/V05.40 + sdld,  page 58.
Hexadecimal  [32-Bits]

Area                       Addr        Size        Decimal Bytes (Attributes)
--------------------       ----        ----        ------- ----- ------------
_CODE_210              00D24000    00001BB4 =        7092. bytes (REL,CON)

        Value  Global            Value  Global            Value  Global    
        -----  ------            -----  ------            -----  ------    
     00D25B9F  _ultiated
ASxxxx Linker V03.00/V05.40 + sdld,  page 59.
Hexadecimal  [32-Bits]

Area                       Addr        Size        Decimal Bytes (Attributes)
--------------------       ----        ----        ------- ----- ------------
_CODE_209              00D14000    00001D84 =        7556. bytes (REL,CON)

        Value  Global            Value  Global            Value  Global    
        -----  ------            -----  ------            -----  ------    
     00D15D6F  _xstep   
ASxxxx Linker V03.00/V05.40 + sdld,  page 60.
Hexadecimal  [32-Bits]

Area                       Addr        Size        Decimal Bytes (Attributes)
--------------------       ----        ----        ------- ----- ------------
_CODE_222              00DE4000    00003340 =       13120. bytes (REL,CON)

        Value  Global            Value  Global            Value  Global    
        -----  ------            -----  ------            -----  ------    
     00DE4000  _level_co
ASxxxx Linker V03.00/V05.40 + sdld,  page 61.
Hexadecimal  [32-Bits]

Area                       Addr        Size        Decimal Bytes (Attributes)
--------------------       ----        ----        ------- ----- ------------
_CODE_220              00DC4000    00001770 =        6000. bytes (REL,CON)

        Value  Global            Value  Global            Value  Global    
        -----  ------            -----  ------            -----  ------    
     00DC4000  _play_sou |    00DC4C80  _quit_sou
ASxxxx Linker V03.00/V05.40 + sdld,  page 62.
Hexadecimal  [32-Bits]

Area                       Addr        Size        Decimal Bytes (Attributes)
--------------------       ----        ----        ------- ----- ------------
_CODE_101              00654000    0000042E =        1070. bytes (REL,CON)

        Value  Global            Value  Global            Value  Global    
        -----  ------            -----  ------            -----  ------    
     00654000  ___func_b |    00654000  _backontr |    00654389  _backontr
ASxxxx Linker V03.00/V05.40 + sdld,  page 63.
Hexadecimal  [32-Bits]

Area                       Addr        Size        Decimal Bytes (Attributes)
--------------------       ----        ----        ------- ----- ------------
_CODE_104              00684000    00000505 =        1285. bytes (REL,CON)

        Value  Global            Value  Global            Value  Global    
        -----  ------            -----  ------            -----  ------    
     00684000  ___func_b |    00684000  _baseafte |    0068446A  _baseafte
ASxxxx Linker V03.00/V05.40 + sdld,  page 64.
Hexadecimal  [32-Bits]

Area                       Addr        Size        Decimal Bytes (Attributes)
--------------------       ----        ----        ------- ----- ------------
_CODE_105              00694000    00000456 =        1110. bytes (REL,CON)

        Value  Global            Value  Global            Value  Global    
        -----  ------            -----  ------            -----  ------    
     00694000  ___func_c |    00694000  _cantletg |    0069434D  _cantletg
ASxxxx Linker V03.00/V05.40 + sdld,  page 65.
Hexadecimal  [32-Bits]

Area                       Addr        Size        Decimal Bytes (Attributes)
--------------------       ----        ----        ------- ----- ------------
_CODE_108              006C4000    000009E7 =        2535. bytes (REL,CON)

        Value  Global            Value  Global            Value  Global    
        -----  ------            -----  ------            -----  ------    
     006C4000  ___func_c |    006C4000  _cycles_s |    006C47FD  _cycles_s
ASxxxx Linker V03.00/V05.40 + sdld,  page 66.
Hexadecimal  [32-Bits]

Area                       Addr        Size        Decimal Bytes (Attributes)
--------------------       ----        ----        ------- ----- ------------
_CODE_103              00674000    000004B0 =        1200. bytes (REL,CON)

        Value  Global            Value  Global            Value  Global    
        -----  ------            -----  ------            -----  ------    
     00674000  ___func_d |    00674000  _dryout_s |    0067441F  _dryout_s
ASxxxx Linker V03.00/V05.40 + sdld,  page 67.
Hexadecimal  [32-Bits]

Area                       Addr        Size        Decimal Bytes (Attributes)
--------------------       ----        ----        ------- ----- ------------
_CODE_106              006A4000    000005E1 =        1505. bytes (REL,CON)

        Value  Global            Value  Global            Value  Global    
        -----  ------            -----  ------            -----  ------    
     006A4000  ___func_j |    006A4000  _jumper_s |    006A44DD  _jumper_s
ASxxxx Linker V03.00/V05.40 + sdld,  page 68.
Hexadecimal  [32-Bits]

Area                       Addr        Size        Decimal Bytes (Attributes)
--------------------       ----        ----        ------- ----- ------------
_CODE_102              00664000    000005AA =        1450. bytes (REL,CON)

        Value  Global            Value  Global            Value  Global    
        -----  ------            -----  ------            -----  ------    
     00664000  ___func_p |    00664000  _polargei |    006644AB  _polargei
ASxxxx Linker V03.00/V05.40 + sdld,  page 69.
Hexadecimal  [32-Bits]

Area                       Addr        Size        Decimal Bytes (Attributes)
--------------------       ----        ----        ------- ----- ------------
_CODE_120              00784000    00000005 =           5. bytes (REL,CON)

        Value  Global            Value  Global            Value  Global    
        -----  ------            -----  ------            -----  ------    
     00784000  ___func_t |    00784000  _template
ASxxxx Linker V03.00/V05.40 + sdld,  page 70.
Hexadecimal  [32-Bits]

Area                       Addr        Size        Decimal Bytes (Attributes)
--------------------       ----        ----        ------- ----- ------------
_CODE_107              006B4000    00000A9B =        2715. bytes (REL,CON)

        Value  Global            Value  Global            Value  Global    
        -----  ------            -----  ------            -----  ------    
     006B4000  ___func_t |    006B4000  _timemach |    006B491F  _timemach
ASxxxx Linker V03.00/V05.40 + sdld,  page 71.
Hexadecimal  [32-Bits]

Area                       Addr        Size        Decimal Bytes (Attributes)
--------------------       ----        ----        ------- ----- ------------
_CODE_110              006E4000    0000027B =         635. bytes (REL,CON)

        Value  Global            Value  Global            Value  Global    
        -----  ------            -----  ------            -----  ------    
     006E4000  ___func_u |    006E4000  _ultiated |    006E41F9  _ultiated
ASxxxx Linker V03.00/V05.40 + sdld,  page 72.
Hexadecimal  [32-Bits]

Area                       Addr        Size        Decimal Bytes (Attributes)
--------------------       ----        ----        ------- ----- ------------
_CODE_109              006D4000    00000E88 =        3720. bytes (REL,CON)

        Value  Global            Value  Global            Value  Global    
        -----  ------            -----  ------            -----  ------    
     006D4000  ___func_x |    006D4000  _xstep_sp |    006D49F1  _xstep_sp
ASxxxx Linker V03.00/V05.40 + sdld,  page 73.
Hexadecimal  [32-Bits]

Area                       Addr        Size        Decimal Bytes (Attributes)
--------------------       ----        ----        ------- ----- ------------
_HEADER_TIM0           00000000    00000008 =           8. bytes (ABS,CON)

        Value  Global            Value  Global            Value  Global    
        -----  ------            -----  ------            -----  ------    
ASxxxx Linker V03.00/V05.40 + sdld,  page 74.
Hexadecimal  [32-Bits]

Area                       Addr        Size        Decimal Bytes (Attributes)
--------------------       ----        ----        ------- ----- ------------
_HEADER_LCD0           00000000    00000003 =           3. bytes (ABS,CON)

        Value  Global            Value  Global            Value  Global    
        -----  ------            -----  ------            -----  ------    
ASxxxx Linker V03.00/V05.40 + sdld,  page 75.

Files Linked                              [ module(s) ]

C:\gbdk\lib/gb/crt0.o                     [ Runtime ]
temp/Font.o                               [ Font ]
temp/assets.o                             [ assets ]
temp/ball.o                               [ ball ]
temp/collision.o                          [ collision ]
temp/death_effect.o                       [ death_effect ]
temp/fade.o                               [ fade ]
temp/famidash_metatiles.o                 [ famidash_metatiles ]
temp/gameplay.o                           [ gameplay ]
temp/gbc_palettes.o                       [ gbc_palettes ]
temp/icon1.o                              [ icon1 ]
temp/logo.o                               [ logo ]
temp/main.o                               [ main ]
temp/menu_bg.o                            [ menu_bg ]
temp/menuloop.o                           [ menuloop ]
temp/playbutton.o                         [ playbutton ]
temp/player.o                             [ player ]
temp/portal_utils.o                       [ portal_utils ]
temp/rainbow.o                            [ rainbow ]
temp/ship1.o                              [ ship1 ]
temp/state_level_select.o                 [ state_level_select ]
temp/state_menu.o                         [ state_menu ]
temp/state_play_level.o                   [ state_play_level ]
temp/tileset.o                            [ tileset ]
temp/level_bab.o                          [ level_bab ]
temp/level_bot.o                          [ level_bot ]
temp/level_clg.o                          [ level_clg ]
temp/level_cy.o                           [ level_cy ]
temp/level_du.o                           [ level_du ]
temp/level_ju.o                           [ level_ju ]
temp/level_pg.o                           [ level_pg ]
temp/level_sm.o                           [ level_sm ]
temp/level_tm.o                           [ level_tm ]
temp/level_ultiatedestruction.o           [ level_ultiatedestruction ]
temp/level_xs.o                           [ level_xs ]
temp/backontrack.o                        [ backontrack ]
temp/baseafterbase.o                      [ baseafterbase ]
temp/cantletgo.o                          [ cantletgo ]
temp/cycles.o                             [ cycles ]
temp/dryout.o                             [ dryout ]
temp/jumper.o                             [ jumper ]
temp/polargeist.o                         [ polargeist ]
temp/stereomadness.o                      [ stereomadness ]
temp/timemachine.o                        [ timemachine ]
temp/ultiatedestruction.o                 [ ultiatedestruction ]
temp/xstep.o                              [ xstep ]
temp/level_complete_sfx.o                 [ level_complete_sfx ]
temp/sample_player.o                      [ sample_player ]
temp/sfx_data.o                           [ sfx_data ]
temp/backontrack_sprites.o                [ backontrack_sprites ]
temp/baseafterbase_sprites.o              [ baseafterbase_sprites ]
temp/cantletgo_sprites.o                  [ cantletgo_sprites ]
temp/cycles_sprites.o                     [ cycles_sprites ]
temp/dryout_sprites.o                     [ dryout_sprites ]
temp/famidash_sprites.o                   [ famidash_sprites ]
temp/jumper_sprites.o                     [ jumper_sprites ]
temp/polargeist_sprites.o                 [ polargeist_sprites ]
temp/stereomadness_sprites.o              [ stereomadness_sprites ]
temp/template_sprites.o                   [ template_sprites ]
temp/timemachine_sprites.o                [ timemachine_sprites ]
temp/ultiatedestruction_sprites.o         [ ultiatedestruction_sprites ]
temp/xstep_sprites.o                      [ xstep_sprites ]
lib/hUGEDriver.lib                        [ hUGEDriver_obj ]


Libraries Linked                          [ object file ]

C:\gbdk\lib/gb/gb.lib                     [ sfr.o ]
C:\gbdk\lib/gb/gb.lib                     [ cgb_palettes.o ]
C:\gbdk\lib/gb/gb.lib                     [ tim.o ]
C:\gbdk\lib/sm83/sm83.lib                 [ div.o ]
C:\gbdk\lib/gb/gb.lib                     [ metasprites_flip.o ]
C:\gbdk\lib/gb/gb.lib                     [ set_data.o ]
C:\gbdk\lib/gb/gb.lib                     [ set_tile.o ]
C:\gbdk\lib/gb/gb.lib                     [ lcd.o ]
C:\gbdk\lib/sm83/sm83.lib                 [ mul.o ]
C:\gbdk\lib/gb/gb.lib                     [ tim_common.o ]
C:\gbdk\lib/gb/gb.lib                     [ fill_rect_bk.o ]
C:\gbdk\lib/gb/gb.lib                     [ pad.o ]
C:\gbdk\lib/gb/gb.lib                     [ metasprites.o ]
C:\gbdk\lib/gb/gb.lib                     [ ___sdcc_bcall_ehl.o ]
C:\gbdk\lib/gb/gb.lib                     [ cgb.o ]
C:\gbdk\lib/sm83/sm83.lib                 [ _mullong.o ]
C:\gbdk\lib/gb/gb.lib                     [ set_bk_t.o ]
C:\gbdk\lib/gb/gb.lib                     [ fill_rect.o ]
C:\gbdk\lib/gb/gb.lib                     [ set_xy_t.o ]

ASxxxx Linker V03.00/V05.40 + sdld,  page 76.

User Base Address Definitions

_DATA=0xC0A0
_CODE=0x0200
_HRAM=0xFF80
ASxxxx Linker V03.00/V05.40 + sdld,  page 77.

User Global Definitions

_shadow_OAM=0xC000
.STACK=0xE000

